I, [2026-05-11T13:50:40.085030 #28036]  INFO -- : Cleared interactions
I, [2026-05-11T13:50:40.100514 #28036]  INFO -- : Registered expected interaction POST /api/reservations
D, [2026-05-11T13:50:40.102600 #28036] DEBUG -- : {
  "description": "a request to create a reservation",
  "providerState": "table 1 is available on the requested date",
  "request": {
    "method": "POST",
    "path": "/api/reservations",
    "headers": {
      "Content-Type": "application/json"
    },
    "body": {
      "member_id": 1,
      "store_id": 1,
      "table_id": 1,
      "reservation_date": "2026-05-12",
      "start_time": "18:00",
      "guest_count": 2
    }
  },
  "response": {
    "status": 201,
    "headers": {
    },
    "body": {
      "id": {
        "json_class": "Pact::SomethingLike",
        "contents": 1
      },
      "member_id": {
        "json_class": "Pact::SomethingLike",
        "contents": 1
      },
      "store_id": {
        "json_class": "Pact::SomethingLike",
        "contents": 1
      },
      "table_id": {
        "json_class": "Pact::SomethingLike",
        "contents": 1
      },
      "reservation_date": {
        "json_class": "Pact::Term",
        "data": {
          "generate": "2026-05-12",
          "matcher": {
            "json_class": "Regexp",
            "o": 0,
            "s": "\\d{4}-\\d{2}-\\d{2}"
          }
        }
      },
      "start_time": {
        "json_class": "Pact::Term",
        "data": {
          "generate": "18:00:00",
          "matcher": {
            "json_class": "Regexp",
            "o": 0,
            "s": "\\d{2}:\\d{2}(:\\d{2})?"
          }
        }
      },
      "end_time": {
        "json_class": "Pact::Term",
        "data": {
          "generate": "19:30:00",
          "matcher": {
            "json_class": "Regexp",
            "o": 0,
            "s": "\\d{2}:\\d{2}(:\\d{2})?"
          }
        }
      },
      "guest_count": {
        "json_class": "Pact::SomethingLike",
        "contents": 2
      },
      "cat_preference": null,
      "status": {
        "json_class": "Pact::Term",
        "data": {
          "generate": "CONFIRMED",
          "matcher": {
            "json_class": "Regexp",
            "o": 0,
            "s": "(PENDING|CONFIRMED)"
          }
        }
      },
      "deposit_amount": null,
      "created_at": {
        "json_class": "Pact::SomethingLike",
        "contents": "2026-05-11T10:00:00"
      }
    }
  },
  "metadata": null
}
I, [2026-05-11T13:50:40.115224 #28036]  INFO -- : Received request POST /api/reservations
D, [2026-05-11T13:50:40.117128 #28036] DEBUG -- : {
  "path": "/api/reservations",
  "query": "",
  "method": "post",
  "body": {
    "member_id": 1,
    "store_id": 1,
    "table_id": 1,
    "reservation_date": "2026-05-12",
    "start_time": "18:00",
    "guest_count": 2
  },
  "headers": {
    "Content-Length": "121",
    "Content-Type": "application/json",
    "Host": "localhost:1234",
    "User-Agent": "python-requests/2.32.3",
    "Accept-Encoding": "gzip, deflate",
    "Accept": "*/*",
    "Connection": "keep-alive",
    "Version": "HTTP/1.1"
  }
}
I, [2026-05-11T13:50:40.118999 #28036]  INFO -- : Found matching response for POST /api/reservations
D, [2026-05-11T13:50:40.120851 #28036] DEBUG -- : {
  "status": 201,
  "headers": {
  },
  "body": {
    "id": {
      "json_class": "Pact::SomethingLike",
      "contents": 1
    },
    "member_id": {
      "json_class": "Pact::SomethingLike",
      "contents": 1
    },
    "store_id": {
      "json_class": "Pact::SomethingLike",
      "contents": 1
    },
    "table_id": {
      "json_class": "Pact::SomethingLike",
      "contents": 1
    },
    "reservation_date": {
      "json_class": "Pact::Term",
      "data": {
        "generate": "2026-05-12",
        "matcher": {
          "json_class": "Regexp",
          "o": 0,
          "s": "\\d{4}-\\d{2}-\\d{2}"
        }
      }
    },
    "start_time": {
      "json_class": "Pact::Term",
      "data": {
        "generate": "18:00:00",
        "matcher": {
          "json_class": "Regexp",
          "o": 0,
          "s": "\\d{2}:\\d{2}(:\\d{2})?"
        }
      }
    },
    "end_time": {
      "json_class": "Pact::Term",
      "data": {
        "generate": "19:30:00",
        "matcher": {
          "json_class": "Regexp",
          "o": 0,
          "s": "\\d{2}:\\d{2}(:\\d{2})?"
        }
      }
    },
    "guest_count": {
      "json_class": "Pact::SomethingLike",
      "contents": 2
    },
    "cat_preference": null,
    "status": {
      "json_class": "Pact::Term",
      "data": {
        "generate": "CONFIRMED",
        "matcher": {
          "json_class": "Regexp",
          "o": 0,
          "s": "(PENDING|CONFIRMED)"
        }
      }
    },
    "deposit_amount": null,
    "created_at": {
      "json_class": "Pact::SomethingLike",
      "contents": "2026-05-11T10:00:00"
    }
  }
}
I, [2026-05-11T13:50:40.131281 #28036]  INFO -- : Verifying - interactions matched
I, [2026-05-11T13:50:40.146060 #28036]  INFO -- : Writing pact for ReservationService to D:/JuniorYear/Software Engineering/test/test/3/output/code/tests/contract/../reports/pacts/reservationconsumer-reservationservice.json
I, [2026-05-11T13:50:40.162228 #28036]  INFO -- : Cleared interactions
I, [2026-05-11T13:50:40.177641 #28036]  INFO -- : Registered expected interaction GET /api/reservations/1
D, [2026-05-11T13:50:40.179594 #28036] DEBUG -- : {
  "description": "a request to get a reservation by id",
  "providerState": "reservation 1 exists",
  "request": {
    "method": "GET",
    "path": "/api/reservations/1"
  },
  "response": {
    "status": 200,
    "headers": {
    },
    "body": {
      "id": {
        "json_class": "Pact::SomethingLike",
        "contents": 1
      },
      "member_id": {
        "json_class": "Pact::SomethingLike",
        "contents": 1
      },
      "store_id": {
        "json_class": "Pact::SomethingLike",
        "contents": 1
      },
      "table_id": {
        "json_class": "Pact::SomethingLike",
        "contents": 1
      },
      "reservation_date": {
        "json_class": "Pact::SomethingLike",
        "contents": "2026-05-12"
      },
      "start_time": {
        "json_class": "Pact::SomethingLike",
        "contents": "18:00:00"
      },
      "end_time": {
        "json_class": "Pact::SomethingLike",
        "contents": "19:30:00"
      },
      "guest_count": {
        "json_class": "Pact::SomethingLike",
        "contents": 2
      },
      "cat_preference": null,
      "status": "CONFIRMED",
      "deposit_amount": null,
      "created_at": {
        "json_class": "Pact::SomethingLike",
        "contents": "2026-05-11T10:00:00"
      }
    }
  },
  "metadata": null
}
I, [2026-05-11T13:50:40.193190 #28036]  INFO -- : Received request GET /api/reservations/1
D, [2026-05-11T13:50:40.194996 #28036] DEBUG -- : {
  "path": "/api/reservations/1",
  "query": "",
  "method": "get",
  "headers": {
    "Host": "localhost:1234",
    "User-Agent": "python-requests/2.32.3",
    "Accept-Encoding": "gzip, deflate",
    "Accept": "*/*",
    "Connection": "keep-alive",
    "Version": "HTTP/1.1"
  }
}
I, [2026-05-11T13:50:40.196871 #28036]  INFO -- : Found matching response for GET /api/reservations/1
D, [2026-05-11T13:50:40.198725 #28036] DEBUG -- : {
  "status": 200,
  "headers": {
  },
  "body": {
    "id": {
      "json_class": "Pact::SomethingLike",
      "contents": 1
    },
    "member_id": {
      "json_class": "Pact::SomethingLike",
      "contents": 1
    },
    "store_id": {
      "json_class": "Pact::SomethingLike",
      "contents": 1
    },
    "table_id": {
      "json_class": "Pact::SomethingLike",
      "contents": 1
    },
    "reservation_date": {
      "json_class": "Pact::SomethingLike",
      "contents": "2026-05-12"
    },
    "start_time": {
      "json_class": "Pact::SomethingLike",
      "contents": "18:00:00"
    },
    "end_time": {
      "json_class": "Pact::SomethingLike",
      "contents": "19:30:00"
    },
    "guest_count": {
      "json_class": "Pact::SomethingLike",
      "contents": 2
    },
    "cat_preference": null,
    "status": "CONFIRMED",
    "deposit_amount": null,
    "created_at": {
      "json_class": "Pact::SomethingLike",
      "contents": "2026-05-11T10:00:00"
    }
  }
}
I, [2026-05-11T13:50:40.208227 #28036]  INFO -- : Verifying - interactions matched
I, [2026-05-11T13:50:40.223399 #28036]  INFO -- : Writing pact for ReservationService to D:/JuniorYear/Software Engineering/test/test/3/output/code/tests/contract/../reports/pacts/reservationconsumer-reservationservice.json
I, [2026-05-11T13:50:40.239357 #28036]  INFO -- : Cleared interactions
I, [2026-05-11T13:50:40.255215 #28036]  INFO -- : Registered expected interaction DELETE /api/reservations/1
D, [2026-05-11T13:50:40.257616 #28036] DEBUG -- : {
  "description": "a request to cancel a reservation",
  "providerState": "reservation 1 exists",
  "request": {
    "method": "DELETE",
    "path": "/api/reservations/1"
  },
  "response": {
    "status": 204,
    "headers": {
    }
  },
  "metadata": null
}
I, [2026-05-11T13:50:40.270225 #28036]  INFO -- : Received request DELETE /api/reservations/1
D, [2026-05-11T13:50:40.272102 #28036] DEBUG -- : {
  "path": "/api/reservations/1",
  "query": "",
  "method": "delete",
  "headers": {
    "Host": "localhost:1234",
    "User-Agent": "python-requests/2.32.3",
    "Accept-Encoding": "gzip, deflate",
    "Accept": "*/*",
    "Connection": "keep-alive",
    "Version": "HTTP/1.1"
  }
}
I, [2026-05-11T13:50:40.274123 #28036]  INFO -- : Found matching response for DELETE /api/reservations/1
D, [2026-05-11T13:50:40.275861 #28036] DEBUG -- : {
  "status": 204,
  "headers": {
  }
}
I, [2026-05-11T13:50:40.285776 #28036]  INFO -- : Verifying - interactions matched
I, [2026-05-11T13:50:40.300644 #28036]  INFO -- : Writing pact for ReservationService to D:/JuniorYear/Software Engineering/test/test/3/output/code/tests/contract/../reports/pacts/reservationconsumer-reservationservice.json
