# Logfile created on 2026-05-11 12:27:02 +0800 by logger.rb/v1.5.3
I, [2026-05-11T12:27:03.054811 #38932]  INFO -- : Running example 'Verifying a pact between ReservationConsumer and ReservationService Given table 1 is available on the requested date a request to create a reservation with POST /api/reservations returns a response which has status code 201'
I, [2026-05-11T12:27:03.056933 #38932]  INFO -- : Sending POST request to path: "/api/reservations" with headers: {"CONTENT_TYPE"=>"application/json", "HTTP_X_PACT_ORIGINAL_HEADER_NAMES"=>"Content-Type", "X_PACT_PROVIDER_STATES"=>[{"name"=>"table 1 is available on the requested date"}]}, see debug logs for body
I, [2026-05-11T12:27:03.095501 #38932]  INFO -- : Received response with status: 201, headers: {"Date"=>"Mon, 11 May 2026 04:27:02 GMT", "Server"=>"uvicorn", "Content-Length"=>"252", "Content-Type"=>"application/json"}, see debug logs for body
I, [2026-05-11T12:27:03.101212 #38932]  INFO -- : Running example 'Verifying a pact between ReservationConsumer and ReservationService Given reservation 1 exists a request to get a reservation by id with GET /api/reservations/1 returns a response which has status code 200'
I, [2026-05-11T12:27:03.103099 #38932]  INFO -- : Sending GET request to path: "/api/reservations/1" with headers: {"X_PACT_PROVIDER_STATES"=>[{"name"=>"reservation 1 exists"}]}, see debug logs for body
I, [2026-05-11T12:27:03.126892 #38932]  INFO -- : Received response with status: 404, headers: {"Date"=>"Mon, 11 May 2026 04:27:03 GMT", "Server"=>"uvicorn", "Content-Length"=>"28", "Content-Type"=>"application/json"}, see debug logs for body
I, [2026-05-11T12:27:03.136806 #38932]  INFO -- : Running example 'Verifying a pact between ReservationConsumer and ReservationService Given reservation 1 exists a request to cancel a reservation with DELETE /api/reservations/1 returns a response which has status code 204'
I, [2026-05-11T12:27:03.139131 #38932]  INFO -- : Sending DELETE request to path: "/api/reservations/1" with headers: {"X_PACT_PROVIDER_STATES"=>[{"name"=>"reservation 1 exists"}]}, see debug logs for body
I, [2026-05-11T12:27:03.157706 #38932]  INFO -- : Received response with status: 404, headers: {"Date"=>"Mon, 11 May 2026 04:27:03 GMT", "Server"=>"uvicorn", "Content-Length"=>"28", "Content-Type"=>"application/json"}, see debug logs for body
I, [2026-05-11T12:27:55.573288 #25088]  INFO -- : Running example 'Verifying a pact between ReservationConsumer and ReservationService Given table 1 is available on the requested date a request to create a reservation with POST /api/reservations returns a response which has status code 201'
I, [2026-05-11T12:27:55.575567 #25088]  INFO -- : Sending POST request to path: "/api/reservations" with headers: {"CONTENT_TYPE"=>"application/json", "HTTP_X_PACT_ORIGINAL_HEADER_NAMES"=>"Content-Type", "X_PACT_PROVIDER_STATES"=>[{"name"=>"table 1 is available on the requested date"}]}, see debug logs for body
I, [2026-05-11T12:27:55.602107 #25088]  INFO -- : Received response with status: 201, headers: {"Date"=>"Mon, 11 May 2026 04:27:54 GMT", "Server"=>"uvicorn", "Content-Length"=>"252", "Content-Type"=>"application/json"}, see debug logs for body
I, [2026-05-11T12:27:55.607514 #25088]  INFO -- : Running example 'Verifying a pact between ReservationConsumer and ReservationService Given reservation 1 exists a request to get a reservation by id with GET /api/reservations/1 returns a response which has status code 200'
I, [2026-05-11T12:27:55.609459 #25088]  INFO -- : Sending GET request to path: "/api/reservations/1" with headers: {"X_PACT_PROVIDER_STATES"=>[{"name"=>"reservation 1 exists"}]}, see debug logs for body
I, [2026-05-11T12:27:55.633812 #25088]  INFO -- : Received response with status: 404, headers: {"Date"=>"Mon, 11 May 2026 04:27:54 GMT", "Server"=>"uvicorn", "Content-Length"=>"28", "Content-Type"=>"application/json"}, see debug logs for body
I, [2026-05-11T12:27:55.641897 #25088]  INFO -- : Running example 'Verifying a pact between ReservationConsumer and ReservationService Given reservation 1 exists a request to cancel a reservation with DELETE /api/reservations/1 returns a response which has status code 204'
I, [2026-05-11T12:27:55.643875 #25088]  INFO -- : Sending DELETE request to path: "/api/reservations/1" with headers: {"X_PACT_PROVIDER_STATES"=>[{"name"=>"reservation 1 exists"}]}, see debug logs for body
I, [2026-05-11T12:27:55.664091 #25088]  INFO -- : Received response with status: 404, headers: {"Date"=>"Mon, 11 May 2026 04:27:54 GMT", "Server"=>"uvicorn", "Content-Length"=>"28", "Content-Type"=>"application/json"}, see debug logs for body
I, [2026-05-11T12:28:05.660207 #38140]  INFO -- : Running example 'Verifying a pact between ReservationConsumer and ReservationService Given table 1 is available on the requested date a request to create a reservation with POST /api/reservations returns a response which has status code 201'
I, [2026-05-11T12:28:05.662332 #38140]  INFO -- : Sending POST request to path: "/api/reservations" with headers: {"CONTENT_TYPE"=>"application/json", "HTTP_X_PACT_ORIGINAL_HEADER_NAMES"=>"Content-Type", "X_PACT_PROVIDER_STATES"=>[{"name"=>"table 1 is available on the requested date"}]}, see debug logs for body
I, [2026-05-11T12:28:05.698514 #38140]  INFO -- : Received response with status: 201, headers: {"Date"=>"Mon, 11 May 2026 04:28:05 GMT", "Server"=>"uvicorn", "Content-Length"=>"252", "Content-Type"=>"application/json"}, see debug logs for body
I, [2026-05-11T12:28:05.704278 #38140]  INFO -- : Running example 'Verifying a pact between ReservationConsumer and ReservationService Given reservation 1 exists a request to get a reservation by id with GET /api/reservations/1 returns a response which has status code 200'
I, [2026-05-11T12:28:05.706177 #38140]  INFO -- : Sending GET request to path: "/api/reservations/1" with headers: {"X_PACT_PROVIDER_STATES"=>[{"name"=>"reservation 1 exists"}]}, see debug logs for body
I, [2026-05-11T12:28:05.728637 #38140]  INFO -- : Received response with status: 404, headers: {"Date"=>"Mon, 11 May 2026 04:28:05 GMT", "Server"=>"uvicorn", "Content-Length"=>"28", "Content-Type"=>"application/json"}, see debug logs for body
I, [2026-05-11T12:28:05.737200 #38140]  INFO -- : Running example 'Verifying a pact between ReservationConsumer and ReservationService Given reservation 1 exists a request to cancel a reservation with DELETE /api/reservations/1 returns a response which has status code 204'
I, [2026-05-11T12:28:05.739159 #38140]  INFO -- : Sending DELETE request to path: "/api/reservations/1" with headers: {"X_PACT_PROVIDER_STATES"=>[{"name"=>"reservation 1 exists"}]}, see debug logs for body
I, [2026-05-11T12:28:05.759302 #38140]  INFO -- : Received response with status: 404, headers: {"Date"=>"Mon, 11 May 2026 04:28:05 GMT", "Server"=>"uvicorn", "Content-Length"=>"28", "Content-Type"=>"application/json"}, see debug logs for body
I, [2026-05-11T12:29:52.075342 #12408]  INFO -- : Running example 'Verifying a pact between ReservationConsumer and ReservationService Given table 1 is available on the requested date a request to create a reservation with POST /api/reservations returns a response which has status code 201'
I, [2026-05-11T12:29:52.077521 #12408]  INFO -- : Sending POST request to path: "/api/reservations" with headers: {"CONTENT_TYPE"=>"application/json", "HTTP_X_PACT_ORIGINAL_HEADER_NAMES"=>"Content-Type", "X_PACT_PROVIDER_STATES"=>[{"name"=>"table 1 is available on the requested date"}]}, see debug logs for body
I, [2026-05-11T12:29:52.118963 #12408]  INFO -- : Received response with status: 201, headers: {"Date"=>"Mon, 11 May 2026 04:29:51 GMT", "Server"=>"uvicorn", "Content-Length"=>"252", "Content-Type"=>"application/json"}, see debug logs for body
I, [2026-05-11T12:29:52.124390 #12408]  INFO -- : Running example 'Verifying a pact between ReservationConsumer and ReservationService Given reservation 1 exists a request to get a reservation by id with GET /api/reservations/1 returns a response which has status code 200'
I, [2026-05-11T12:29:52.126346 #12408]  INFO -- : Sending GET request to path: "/api/reservations/1" with headers: {"X_PACT_PROVIDER_STATES"=>[{"name"=>"reservation 1 exists"}]}, see debug logs for body
I, [2026-05-11T12:29:52.151153 #12408]  INFO -- : Received response with status: 404, headers: {"Date"=>"Mon, 11 May 2026 04:29:51 GMT", "Server"=>"uvicorn", "Content-Length"=>"28", "Content-Type"=>"application/json"}, see debug logs for body
I, [2026-05-11T12:29:52.159119 #12408]  INFO -- : Running example 'Verifying a pact between ReservationConsumer and ReservationService Given reservation 1 exists a request to cancel a reservation with DELETE /api/reservations/1 returns a response which has status code 204'
I, [2026-05-11T12:29:52.160963 #12408]  INFO -- : Sending DELETE request to path: "/api/reservations/1" with headers: {"X_PACT_PROVIDER_STATES"=>[{"name"=>"reservation 1 exists"}]}, see debug logs for body
I, [2026-05-11T12:29:52.181544 #12408]  INFO -- : Received response with status: 404, headers: {"Date"=>"Mon, 11 May 2026 04:29:51 GMT", "Server"=>"uvicorn", "Content-Length"=>"28", "Content-Type"=>"application/json"}, see debug logs for body
I, [2026-05-11T12:31:15.238455 #38940]  INFO -- : Running example 'Verifying a pact between ReservationConsumer and ReservationService Given table 1 is available on the requested date a request to create a reservation with POST /api/reservations returns a response which has status code 201'
I, [2026-05-11T12:31:15.240565 #38940]  INFO -- : Sending POST request to path: "/api/reservations" with headers: {"CONTENT_TYPE"=>"application/json", "HTTP_X_PACT_ORIGINAL_HEADER_NAMES"=>"Content-Type", "X_PACT_PROVIDER_STATES"=>[{"name"=>"table 1 is available on the requested date"}]}, see debug logs for body
I, [2026-05-11T12:31:15.276418 #38940]  INFO -- : Received response with status: 201, headers: {"Date"=>"Mon, 11 May 2026 04:31:14 GMT", "Server"=>"uvicorn", "Content-Length"=>"252", "Content-Type"=>"application/json"}, see debug logs for body
I, [2026-05-11T12:31:15.282573 #38940]  INFO -- : Running example 'Verifying a pact between ReservationConsumer and ReservationService Given reservation 1 exists a request to get a reservation by id with GET /api/reservations/1 returns a response which has status code 200'
I, [2026-05-11T12:31:15.284505 #38940]  INFO -- : Sending GET request to path: "/api/reservations/1" with headers: {"X_PACT_PROVIDER_STATES"=>[{"name"=>"reservation 1 exists"}]}, see debug logs for body
I, [2026-05-11T12:31:15.307690 #38940]  INFO -- : Received response with status: 404, headers: {"Date"=>"Mon, 11 May 2026 04:31:14 GMT", "Server"=>"uvicorn", "Content-Length"=>"28", "Content-Type"=>"application/json"}, see debug logs for body
I, [2026-05-11T12:31:15.316309 #38940]  INFO -- : Running example 'Verifying a pact between ReservationConsumer and ReservationService Given reservation 1 exists a request to cancel a reservation with DELETE /api/reservations/1 returns a response which has status code 204'
I, [2026-05-11T12:31:15.318558 #38940]  INFO -- : Sending DELETE request to path: "/api/reservations/1" with headers: {"X_PACT_PROVIDER_STATES"=>[{"name"=>"reservation 1 exists"}]}, see debug logs for body
I, [2026-05-11T12:31:15.338922 #38940]  INFO -- : Received response with status: 404, headers: {"Date"=>"Mon, 11 May 2026 04:31:14 GMT", "Server"=>"uvicorn", "Content-Length"=>"28", "Content-Type"=>"application/json"}, see debug logs for body
I, [2026-05-11T13:41:53.340618 #41028]  INFO -- : Running example 'Verifying a pact between ReservationConsumer and ReservationService Given table 1 is available on the requested date a request to create a reservation with POST /api/reservations returns a response which has status code 201'
I, [2026-05-11T13:41:53.529541 #41028]  INFO -- : Sending POST request to path: "/api/reservations" with headers: {"CONTENT_TYPE"=>"application/json", "HTTP_X_PACT_ORIGINAL_HEADER_NAMES"=>"Content-Type", "X_PACT_PROVIDER_STATES"=>[{"name"=>"table 1 is available on the requested date"}]}, see debug logs for body
I, [2026-05-11T13:41:53.560020 #41028]  INFO -- : Received response with status: 201, headers: {"Date"=>"Mon, 11 May 2026 05:41:53 GMT", "Server"=>"uvicorn", "Content-Length"=>"252", "Content-Type"=>"application/json"}, see debug logs for body
I, [2026-05-11T13:41:53.567512 #41028]  INFO -- : Running example 'Verifying a pact between ReservationConsumer and ReservationService Given reservation 1 exists a request to get a reservation by id with GET /api/reservations/1 returns a response which has status code 200'
I, [2026-05-11T13:41:53.744546 #41028]  INFO -- : Sending GET request to path: "/api/reservations/1" with headers: {"X_PACT_PROVIDER_STATES"=>[{"name"=>"reservation 1 exists"}]}, see debug logs for body
I, [2026-05-11T13:41:53.760474 #41028]  INFO -- : Received response with status: 200, headers: {"Date"=>"Mon, 11 May 2026 05:41:53 GMT", "Server"=>"uvicorn", "Content-Length"=>"249", "Content-Type"=>"application/json"}, see debug logs for body
I, [2026-05-11T13:41:53.763402 #41028]  INFO -- : Running example 'Verifying a pact between ReservationConsumer and ReservationService Given reservation 1 exists a request to cancel a reservation with DELETE /api/reservations/1 returns a response which has status code 204'
I, [2026-05-11T13:41:53.947212 #41028]  INFO -- : Sending DELETE request to path: "/api/reservations/1" with headers: {"X_PACT_PROVIDER_STATES"=>[{"name"=>"reservation 1 exists"}]}, see debug logs for body
I, [2026-05-11T13:41:53.962900 #41028]  INFO -- : Received response with status: 204, headers: {"Date"=>"Mon, 11 May 2026 05:41:53 GMT", "Server"=>"uvicorn"}, see debug logs for body
I, [2026-05-11T13:42:27.442724 #25848]  INFO -- : Running example 'Verifying a pact between ReservationConsumer and ReservationService Given table 1 is available on the requested date a request to create a reservation with POST /api/reservations returns a response which has status code 201'
I, [2026-05-11T13:42:27.621251 #25848]  INFO -- : Sending POST request to path: "/api/reservations" with headers: {"CONTENT_TYPE"=>"application/json", "HTTP_X_PACT_ORIGINAL_HEADER_NAMES"=>"Content-Type", "X_PACT_PROVIDER_STATES"=>[{"name"=>"table 1 is available on the requested date"}]}, see debug logs for body
I, [2026-05-11T13:42:27.651722 #25848]  INFO -- : Received response with status: 201, headers: {"Date"=>"Mon, 11 May 2026 05:42:27 GMT", "Server"=>"uvicorn", "Content-Length"=>"252", "Content-Type"=>"application/json"}, see debug logs for body
I, [2026-05-11T13:42:27.657518 #25848]  INFO -- : Running example 'Verifying a pact between ReservationConsumer and ReservationService Given reservation 1 exists a request to get a reservation by id with GET /api/reservations/1 returns a response which has status code 200'
I, [2026-05-11T13:42:27.822882 #25848]  INFO -- : Sending GET request to path: "/api/reservations/1" with headers: {"X_PACT_PROVIDER_STATES"=>[{"name"=>"reservation 1 exists"}]}, see debug logs for body
I, [2026-05-11T13:42:27.838918 #25848]  INFO -- : Received response with status: 200, headers: {"Date"=>"Mon, 11 May 2026 05:42:27 GMT", "Server"=>"uvicorn", "Content-Length"=>"249", "Content-Type"=>"application/json"}, see debug logs for body
I, [2026-05-11T13:42:27.841482 #25848]  INFO -- : Running example 'Verifying a pact between ReservationConsumer and ReservationService Given reservation 1 exists a request to cancel a reservation with DELETE /api/reservations/1 returns a response which has status code 204'
I, [2026-05-11T13:42:28.010978 #25848]  INFO -- : Sending DELETE request to path: "/api/reservations/1" with headers: {"X_PACT_PROVIDER_STATES"=>[{"name"=>"reservation 1 exists"}]}, see debug logs for body
I, [2026-05-11T13:42:28.026801 #25848]  INFO -- : Received response with status: 204, headers: {"Date"=>"Mon, 11 May 2026 05:42:27 GMT", "Server"=>"uvicorn"}, see debug logs for body
I, [2026-05-11T13:42:53.390281 #11112]  INFO -- : Running example 'Verifying a pact between ReservationConsumer and ReservationService Given table 1 is available on the requested date a request to create a reservation with POST /api/reservations returns a response which has status code 201'
I, [2026-05-11T13:42:53.574479 #11112]  INFO -- : Sending POST request to path: "/api/reservations" with headers: {"CONTENT_TYPE"=>"application/json", "HTTP_X_PACT_ORIGINAL_HEADER_NAMES"=>"Content-Type", "X_PACT_PROVIDER_STATES"=>[{"name"=>"table 1 is available on the requested date"}]}, see debug logs for body
I, [2026-05-11T13:42:53.605860 #11112]  INFO -- : Received response with status: 201, headers: {"Date"=>"Mon, 11 May 2026 05:42:53 GMT", "Server"=>"uvicorn", "Content-Length"=>"252", "Content-Type"=>"application/json"}, see debug logs for body
I, [2026-05-11T13:42:53.611640 #11112]  INFO -- : Running example 'Verifying a pact between ReservationConsumer and ReservationService Given reservation 1 exists a request to get a reservation by id with GET /api/reservations/1 returns a response which has status code 200'
I, [2026-05-11T13:42:53.779143 #11112]  INFO -- : Sending GET request to path: "/api/reservations/1" with headers: {"X_PACT_PROVIDER_STATES"=>[{"name"=>"reservation 1 exists"}]}, see debug logs for body
I, [2026-05-11T13:42:53.794998 #11112]  INFO -- : Received response with status: 200, headers: {"Date"=>"Mon, 11 May 2026 05:42:53 GMT", "Server"=>"uvicorn", "Content-Length"=>"249", "Content-Type"=>"application/json"}, see debug logs for body
I, [2026-05-11T13:42:53.797670 #11112]  INFO -- : Running example 'Verifying a pact between ReservationConsumer and ReservationService Given reservation 1 exists a request to cancel a reservation with DELETE /api/reservations/1 returns a response which has status code 204'
I, [2026-05-11T13:42:53.966912 #11112]  INFO -- : Sending DELETE request to path: "/api/reservations/1" with headers: {"X_PACT_PROVIDER_STATES"=>[{"name"=>"reservation 1 exists"}]}, see debug logs for body
I, [2026-05-11T13:42:53.982278 #11112]  INFO -- : Received response with status: 204, headers: {"Date"=>"Mon, 11 May 2026 05:42:53 GMT", "Server"=>"uvicorn"}, see debug logs for body
I, [2026-05-11T13:50:42.715964 #41440]  INFO -- : Running example 'Verifying a pact between ReservationConsumer and ReservationService Given table 1 is available on the requested date a request to create a reservation with POST /api/reservations returns a response which has status code 201'
I, [2026-05-11T13:50:42.897203 #41440]  INFO -- : Sending POST request to path: "/api/reservations" with headers: {"CONTENT_TYPE"=>"application/json", "HTTP_X_PACT_ORIGINAL_HEADER_NAMES"=>"Content-Type", "X_PACT_PROVIDER_STATES"=>[{"name"=>"table 1 is available on the requested date"}]}, see debug logs for body
I, [2026-05-11T13:50:42.928411 #41440]  INFO -- : Received response with status: 201, headers: {"Date"=>"Mon, 11 May 2026 05:50:42 GMT", "Server"=>"uvicorn", "Content-Length"=>"252", "Content-Type"=>"application/json"}, see debug logs for body
I, [2026-05-11T13:50:42.935663 #41440]  INFO -- : Running example 'Verifying a pact between ReservationConsumer and ReservationService Given reservation 1 exists a request to get a reservation by id with GET /api/reservations/1 returns a response which has status code 200'
I, [2026-05-11T13:50:43.114561 #41440]  INFO -- : Sending GET request to path: "/api/reservations/1" with headers: {"X_PACT_PROVIDER_STATES"=>[{"name"=>"reservation 1 exists"}]}, see debug logs for body
I, [2026-05-11T13:50:43.130413 #41440]  INFO -- : Received response with status: 200, headers: {"Date"=>"Mon, 11 May 2026 05:50:42 GMT", "Server"=>"uvicorn", "Content-Length"=>"249", "Content-Type"=>"application/json"}, see debug logs for body
I, [2026-05-11T13:50:43.133071 #41440]  INFO -- : Running example 'Verifying a pact between ReservationConsumer and ReservationService Given reservation 1 exists a request to cancel a reservation with DELETE /api/reservations/1 returns a response which has status code 204'
I, [2026-05-11T13:50:43.315159 #41440]  INFO -- : Sending DELETE request to path: "/api/reservations/1" with headers: {"X_PACT_PROVIDER_STATES"=>[{"name"=>"reservation 1 exists"}]}, see debug logs for body
I, [2026-05-11T13:50:43.330573 #41440]  INFO -- : Received response with status: 204, headers: {"Date"=>"Mon, 11 May 2026 05:50:43 GMT", "Server"=>"uvicorn"}, see debug logs for body
